// Jest Snapshot v1, https://goo.gl/fbAQLP

exports[`Pill Should match the snapshot 1`] = `
<Fragment>
  <styled.div
    onClick={[Function]}
    test-id="pillContainer"
  >
    <styled.div
      test-id="name"
    >
      car name
    </styled.div>
  </styled.div>
</Fragment>
`;
