// Jest Snapshot v1, https://goo.gl/fbAQLP

exports[`LoadingPill Should match the snapshot 1`] = `
<Fragment>
  <styled.div />
</Fragment>
`;
