// Jest Snapshot v1, https://goo.gl/fbAQLP

exports[`Model Should match the snapshot 1`] = `
<Fragment>
  <Search
    onChangeProp={[Function]}
    placeholder="Search for a model"
    value=""
  />
  <styled.div />
  <ScreenMessenger
    primaryMessage="No models found"
    secondaryMessage="Please try to search for another make"
  />
</Fragment>
`;
